Microchip MPLAB XC8 Compiler V1.33 ()

Linker command line:

--edf=C:\Program Files (x86)\Microchip\xc8\v1.33\dat\en_msgs.txt -cs \
  -h+dist/default/production\firmware.production.sym \
  --cmf=dist/default/production\firmware.production.cmf -z -Q18F67J94 \
  -oC:\Users\BENJAM~1\AppData\Local\Temp\ssh4.6 \
  -Mdist/default/production/firmware.production.map -E1 -ver=XC8 \
  -ASTACK=04EDh-09ffh -pstack=STACK -ACODE=00h-01FFEFh -ACONST=00h-01FFEFh \
  -ASMALLCONST=0E00h-0EFFhx497,01FF00h-01FFEFh \
  -AMEDIUMCONST=0E00h-0FFFFh,010E00h-01FFEFh -ACOMRAM=01h-05Fh \
  -AABS1=00h-0DF9h -ABIGRAM=01h-0DF9h \
  -ARAM=060h-0FFh,0100h-01FFhx12,0D00h-0DF9h -ABANK0=060h-0FFh \
  -ABANK1=0100h-01FFh -ABANK2=0200h-02FFh -ABANK3=0300h-03FFh \
  -ABANK4=0400h-04FFh -ABANK5=0500h-05FFh -ABANK6=0600h-06FFh \
  -ABANK7=0700h-07FFh -ABANK8=0800h-08FFh -ABANK9=0900h-09FFh \
  -ABANK10=0A00h-0AFFh -ABANK11=0B00h-0BFFh -ABANK12=0C00h-0CFFh \
  -ABANK13=0D00h-0DF9h \
  -ASFR=0DFAh-0DFFh,0E00h-0EFFh,0F00h-0F5Fh,0F60h-0FFFh \
  -preset_vec=00h,intcode=08h,intcodelo=018h,powerup,init,end_init \
  -pramtop=0E00h -psmallconst=SMALLCONST -pmediumconst=MEDIUMCONST \
  -pconst=CONST -AFARRAM=00h-00h -ACONFIG=01FFF0h-01FFFFh -pconfig=CONFIG \
  -pjflash_buffer=01FBF8h \
  -prdata=COMRAM,nvrram=COMRAM,nvbit=COMRAM,rbss=COMRAM,rbit=COMRAM \
  -pfarbss=FARRAM,fardata=FARRAM,nvFARRAM=FARRAM \
  -pintsave_regs=BIGRAM,bigbss=BIGRAM,bigdata=BIGRAM -pbss=RAM \
  -pidata=CODE,irdata=CODE,ibigdata=CODE,ifardata=CODE \
  C:\Users\BENJAM~1\AppData\Local\Temp\ssh4.obj \
  dist/default/production\firmware.production.obj 

Object code version is 3.11

Machine type is 18F67J94

Call graph: (short form)




                Name                               Link     Load   Length Selector   Space Scale
C:\Users\BENJAM~1\AppData\Local\Temp\ssh4.obj
                end_init                             D0       D0        4        C       0
                reset_vec                             0        0        4        0       0
                config                            1FFF0    1FFF0       10    1FFF0       0
dist/default/production\firmware.production.obj
                intcodelo                            18       18       B8        C       0
                intcode                               8        8       10        4       0
                smallconst                          E00      E00       2A      700       0
                intcode_body                        E2A      E2A       66      715       0
                text12                              FFC      FFC        A      715       0
                text11                              FA8      FA8       1A      715       0
                text10                              F8A      F8A       1E      715       0
                text9                               F68      F68       22      715       0
                text8                               EF4      EF4       50      715       0
                text7                               FF2      FF2        A      715       0
                text6                               FE8      FE8        A      715       0
                text5                              1016     1016        4      715       0
                text4                               FD6      FD6       12      715       0
                text3                              100E     100E        8      715       0
                text2                              1006     1006        8      715       0
                text1                               F44      F44       24      715       0
                text0                               FC2      FC2       14      715       0
                cstackCOMRAM                         31       31       20        1       1
                bssBIGRAM                           1FF      1FF      2EE      1FF       1
                bssBANK1                            100      100       FF      100       1
                bssBANK0                             60       60       80       60       1
                dataCOMRAM                           51       51        3        1       1
                bssCOMRAM                             1        1       30        1       1
                cinit                               E90      E90       64      715       0
                nvCOMRAM                             54       54        1        1       1
                idataCOMRAM                        101A     101A        3      715       0

TOTAL           Name                               Link     Load   Length     Space
        CLASS   STACK          

        CLASS   CODE           
                end_init                             D0       D0        4         0
                intcodelo                            18       18       B8         0
                intcode                               8        8       10         0
                reset_vec                             0        0        4         0
                intcode_body                        E2A      E2A       66         0
                text12                              FFC      FFC        A         0
                text11                              FA8      FA8       1A         0
                text10                              F8A      F8A       1E         0
                text9                               F68      F68       22         0
                text8                               EF4      EF4       50         0
                text7                               FF2      FF2        A         0
                text6                               FE8      FE8        A         0
                text5                              1016     1016        4         0
                text4                               FD6      FD6       12         0
                text3                              100E     100E        8         0
                text2                              1006     1006        8         0
                text1                               F44      F44       24         0
                text0                               FC2      FC2       14         0
                cinit                               E90      E90       64         0
                idataCOMRAM                        101A     101A        3         0

        CLASS   CONST          

        CLASS   SMALLCONST     
                smallconst                          E00      E00       2A         0

        CLASS   MEDIUMCONST    

        CLASS   COMRAM         
                cstackCOMRAM                         31       31       20         1
                dataCOMRAM                           51       51        3         1
                bssCOMRAM                             1        1       30         1
                nvCOMRAM                             54       54        1         1

        CLASS   ABS1           

        CLASS   BIGRAM         
                bssBIGRAM                           1FF      1FF      2EE         1

        CLASS   RAM            

        CLASS   BANK0          
                bssBANK0                             60       60       80         1

        CLASS   BANK1          
                bssBANK1                            100      100       FF         1

        CLASS   BANK2          

        CLASS   BANK3          

        CLASS   BANK4          

        CLASS   BANK5          

        CLASS   BANK6          

        CLASS   BANK7          

        CLASS   BANK8          

        CLASS   BANK9          

        CLASS   BANK10         

        CLASS   BANK11         

        CLASS   BANK12         

        CLASS   BANK13         

        CLASS   SFR            

        CLASS   FARRAM         

        CLASS   CONFIG         
                config                            1FFF0    1FFF0       10         0

        CLASS   IDLOC          



SEGMENTS        Name                           Load    Length   Top    Selector   Space  Class

                reset_vec                      000000  000004  000004         0       0  CODE    
                bssCOMRAM                      000001  000054  000055         1       1  COMRAM  
                intcode                        000008  000010  000018         4       0  CODE    
                intcodelo                      000018  0000BC  0000D4         C       0  CODE    
                bssBANK0                       000060  000080  0000E0        60       1  BANK0   
                bssBANK1                       000100  0000FF  0001FF       100       1  BANK1   
                bssBIGRAM                      0001FF  0002EE  0004ED       1FF       1  BIGRAM  
                smallconst                     000E00  00002A  000E2A       700       0  SMALLCON
                intcode_body                   000E2A  0001F3  00101D       715       0  CODE    
                config                         01FFF0  000010  020000     1FFF0       0  CONFIG  


UNUSED ADDRESS RANGES

        Name                Unused          Largest block    Delta
        BANK0            000E0-000FF              20
        BANK10           00A00-00AFF             100
        BANK11           00B00-00BFF             100
        BANK12           00C00-00CFF             100
        BANK13           00D00-00DF9              FA
        BANK4            004ED-004FF              13
        BANK5            00500-005FF             100
        BANK6            00600-006FF             100
        BANK7            00700-007FF             100
        BANK8            00800-008FF             100
        BANK9            00900-009FF             100
        BIGRAM           00055-0005F               B
                         000E0-000FF              20
                         004ED-00DF9             90D
        CODE             00004-00007               4
                         000D4-00DFF             D2C
                         0101D-1FFEF           1EFD3
        COMRAM           00055-0005F               B
        CONST            00004-00007               4
                         000D4-00DFF             D2C
                         0101D-1FFEF           1EFD3
        MEDIUMCONST      0101D-0FFFF            EFE3
                         10E00-1FFEF            F1F0
        RAM              000E0-000FF              20
                         004ED-00DF9             100
        SFR              00DFA-00FFF             100
        SMALLCONST       0101D-1FFEF             100
        STACK            004ED-009FF             513

                                  Symbol Table

_ADCHS0Hbits             (abs)         00E87
_ADCHS0Lbits             (abs)         00E86
_ADCON2Hbits             (abs)         00E8D
_ADCON2Lbits             (abs)         00E8C
_ADCSS0H                 (abs)         00E83
_ADCSS0L                 (abs)         00E82
_ADCSS1L                 (abs)         00E84
_ADRC                    (abs)         0745F
_ANCON1bits              (abs)         00E47
_ANCON2bits              (abs)         00E46
_COMSTAT                 bssCOMRAM     00029
_DONE                    (abs)         07E00
_EECON2                  (abs)         00F7E
_INTCONbits              (abs)         00FF2
_LATDbits                (abs)         00F8C
_PORTCbits               (abs)         00F82
_PR2                     (abs)         00FCB
_RC1IE                   (abs)         07CED
_RC1IF                   (abs)         07CF5
_RC3IE                   (abs)         07B0D
_RCSTA1                  (abs)         00FAB
_RCSTA1bits              (abs)         00FAB
_RCSTA3bits              (abs)         00F2F
_RPINR0_1                (abs)         00E2A
_RPINR4_5bits            (abs)         00E2C
_RPOR22_23bits           (abs)         00E1D
_RPOR32_33bits           (abs)         00E22
_RPOR34_35bits           (abs)         00E23
_RPOR36_37bits           (abs)         00E24
_RTCCON1bits             (abs)         00F5F
_RTCVALH                 (abs)         00F5D
_RTCVALL                 (abs)         00F5C
_SAMC1                   (abs)         07459
_SAMP                    (abs)         07E01
_SPBRG1                  (abs)         00FAF
_SPBRG3                  (abs)         00F2B
_SPBRGH1                 (abs)         00F30
_SPBRGH3                 (abs)         00F2C
_SSP1ADD                 (abs)         00FC8
_SSP1BUF                 (abs)         00FC9
_SSP1CON1                (abs)         00FC6
_SSP1CON2bits            (abs)         00FC5
_SSP1IF                  (abs)         07CF3
_T2CON                   (abs)         00FCA
_TRISAbits               (abs)         00F92
_TRISBbits               (abs)         00F93
_TRISCbits               (abs)         00F94
_TRISD                   (abs)         00F95
_TRISDbits               (abs)         00F95
_TRISFbits               (abs)         00F97
_TRISGbits               (abs)         00F98
_TX1IE                   (abs)         07CEC
_TX1IF                   (abs)         07CF4
_TX1IP                   (abs)         07CFC
_TXREG1                  (abs)         00FAD
_TXSTA1bits              (abs)         00FAC
_TXSTA3bits              (abs)         00F2E
__CFG_BOREN$ON           (abs)         00000
__CFG_BORV$0             (abs)         00000
__CFG_CINASEL$DEFAULT    (abs)         00000
__CFG_CLKOEN$OFF         (abs)         00000
__CFG_CP0$OFF            (abs)         00000
__CFG_DSBITEN$ON         (abs)         00000
__CFG_DSBOREN$ON         (abs)         00000
__CFG_DSWDTEN$ON         (abs)         00000
__CFG_DSWDTOSC$SOSC      (abs)         00000
__CFG_DSWDTPS$DSWDTPS1A  (abs)         00000
__CFG_FOSC$PRIPLL        (abs)         00000
__CFG_FSCM$CSECME        (abs)         00000
__CFG_IESO$ON            (abs)         00000
__CFG_IOL1WAY$OFF        (abs)         00000
__CFG_LS48MHZ$SYSX2      (abs)         00000
__CFG_MSSPMSK1$MSK7      (abs)         00000
__CFG_MSSPMSK2$MSK7      (abs)         00000
__CFG_PLLDIV$DIV4        (abs)         00000
__CFG_POSCMD$HS          (abs)         00000
__CFG_RETEN$ON           (abs)         00000
__CFG_SOSCSEL$LOW        (abs)         00000
__CFG_STVREN$OFF         (abs)         00000
__CFG_T5GSEL$T5G         (abs)         00000
__CFG_VBTBOR$ON          (abs)         00000
__CFG_WDTCLK$SOSC        (abs)         00000
__CFG_WDTEN$OFF          (abs)         00000
__CFG_WDTPS$32768        (abs)         00000
__CFG_WDTWIN$PS25_0      (abs)         00000
__CFG_WINDIS$WDTSTD      (abs)         00000
__CFG_WPCFG$WPCFGDIS     (abs)         00000
__CFG_WPDIS$WPDIS        (abs)         00000
__CFG_WPEND$WPENDMEM     (abs)         00000
__CFG_WPFP$WPFP255       (abs)         00000
__CFG_WPSA$128           (abs)         00000
__CFG_XINST$ON           (abs)         00000
__HRAM                   (abs)         00000
__Habs1                  abs1          00000
__Hbank0                 bank0         00000
__Hbank1                 bank1         00000
__Hbank10                bank10        00000
__Hbank11                bank11        00000
__Hbank12                bank12        00000
__Hbank13                bank13        00000
__Hbank2                 bank2         00000
__Hbank3                 bank3         00000
__Hbank4                 bank4         00000
__Hbank5                 bank5         00000
__Hbank6                 bank6         00000
__Hbank7                 bank7         00000
__Hbank8                 bank8         00000
__Hbank9                 bank9         00000
__Hbigbss                bigbss        00000
__Hbigdata               bigdata       00000
__Hbigram                bigram        00000
__Hbss                   bss           00000
__HbssBANK0              bssBANK0      00000
__HbssBANK1              bssBANK1      00000
__HbssBIGRAM             bssBIGRAM     00000
__HbssCOMRAM             bssCOMRAM     00000
__Hcinit                 cinit         00000
__Hclrtext               clrtext       00000
__Hcomram                comram        00000
__Hconfig                config        20000
__Hconst                 const         00000
__HcstackCOMRAM          cstackCOMRAM  00000
__Hdata                  data          00000
__HdataCOMRAM            dataCOMRAM    00000
__Hend_init              end_init      000D4
__Hfarbss                farbss        00000
__Hfardata               fardata       00000
__Hibigdata              ibigdata      00000
__Hidata                 idata         00000
__HidataCOMRAM           idataCOMRAM   00000
__Hidloc                 idloc         00000
__Hifardata              ifardata      00000
__Hinit                  init          000D0
__Hintcode               intcode       00018
__Hintcode_body          intcode_body  00000
__Hintcodelo             intcodelo     000D0
__Hintentry              intentry      00000
__Hintret                intret        00000
__Hintsave_regs          intsave_regs  00000
__Hirdata                irdata        00000
__Hjflash_buffer         jflash_buffer 1FBF8
__Hmediumconst           mediumconst   00000
__HnvCOMRAM              nvCOMRAM      00000
__HnvFARRAM              nvFARRAM      00000
__Hnvbit                 nvbit         00000
__Hnvrram                nvrram        00000
__Hparam                 rparam        00000
__Hpowerup               powerup       000D0
__Hram                   ram           00000
__Hramtop                ramtop        00E00
__Hrbit                  rbit          00000
__Hrbss                  rbss          00000
__Hrdata                 rdata         00000
__Hreset_vec             reset_vec     00004
__Hrparam                rparam        00000
__Hsfr                   sfr           00000
__Hsmallconst            smallconst    00E2A
__Hspace_0               (abs)         20000
__Hspace_1               (abs)         004ED
__Hspace_2               (abs)         00000
__Hstack                 stack         00000
__Hstruct                struct        00000
__Htemp                  temp          00000
__Htext                  text          00000
__Htext0                 text0         00000
__Htext1                 text1         00000
__Htext10                text10        00000
__Htext11                text11        00000
__Htext12                text12        00000
__Htext2                 text2         00000
__Htext3                 text3         00000
__Htext4                 text4         00000
__Htext5                 text5         00000
__Htext6                 text6         00000
__Htext7                 text7         00000
__Htext8                 text8         00000
__Htext9                 text9         00000
__LRAM                   (abs)         00001
__Labs1                  abs1          00000
__Lbank0                 bank0         00000
__Lbank1                 bank1         00000
__Lbank10                bank10        00000
__Lbank11                bank11        00000
__Lbank12                bank12        00000
__Lbank13                bank13        00000
__Lbank2                 bank2         00000
__Lbank3                 bank3         00000
__Lbank4                 bank4         00000
__Lbank5                 bank5         00000
__Lbank6                 bank6         00000
__Lbank7                 bank7         00000
__Lbank8                 bank8         00000
__Lbank9                 bank9         00000
__Lbigbss                bigbss        00000
__Lbigdata               bigdata       00000
__Lbigram                bigram        00000
__Lbss                   bss           00000
__LbssBANK0              bssBANK0      00000
__LbssBANK1              bssBANK1      00000
__LbssBIGRAM             bssBIGRAM     00000
__LbssCOMRAM             bssCOMRAM     00000
__Lcinit                 cinit         00000
__Lclrtext               clrtext       00000
__Lcomram                comram        00000
__Lconfig                config        1FFF0
__Lconst                 const         00000
__LcstackCOMRAM          cstackCOMRAM  00000
__Ldata                  data          00000
__LdataCOMRAM            dataCOMRAM    00000
__Lend_init              end_init      000D0
__Lfarbss                farbss        00000
__Lfardata               fardata       00000
__Libigdata              ibigdata      00000
__Lidata                 idata         00000
__LidataCOMRAM           idataCOMRAM   00000
__Lidloc                 idloc         00000
__Lifardata              ifardata      00000
__Linit                  init          000D0
__Lintcode               intcode       00008
__Lintcode_body          intcode_body  00000
__Lintcodelo             intcodelo     00018
__Lintentry              intentry      00000
__Lintret                intret        00000
__Lintsave_regs          intsave_regs  00000
__Lirdata                irdata        00000
__Ljflash_buffer         jflash_buffer 1FBF8
__Lmediumconst           mediumconst   00000
__LnvCOMRAM              nvCOMRAM      00000
__LnvFARRAM              nvFARRAM      00000
__Lnvbit                 nvbit         00000
__Lnvrram                nvrram        00000
__Lparam                 rparam        00000
__Lpowerup               powerup       000D0
__Lram                   ram           00000
__Lramtop                ramtop        00E00
__Lrbit                  rbit          00000
__Lrbss                  rbss          00000
__Lrdata                 rdata         00000
__Lreset_vec             reset_vec     00000
__Lrparam                rparam        00000
__Lsfr                   sfr           00000
__Lsmallconst            smallconst    00E00
__Lspace_0               (abs)         00000
__Lspace_1               (abs)         00000
__Lspace_2               (abs)         00000
__Lstack                 stack         00000
__Lstruct                struct        00000
__Ltemp                  temp          00000
__Ltext                  text          00000
__Ltext0                 text0         00000
__Ltext1                 text1         00000
__Ltext10                text10        00000
__Ltext11                text11        00000
__Ltext12                text12        00000
__Ltext2                 text2         00000
__Ltext3                 text3         00000
__Ltext4                 text4         00000
__Ltext5                 text5         00000
__Ltext6                 text6         00000
__Ltext7                 text7         00000
__Ltext8                 text8         00000
__Ltext9                 text9         00000
__S0                     (abs)         20000
__S1                     (abs)         004ED
__S2                     (abs)         00000
___inthi_sp              stack         00000
___intlo_sp              stack         00000
___sp                    stack         00000
__accesstop              (abs)         00060
__activetblptr           (abs)         00003
__end_of__initialization cinit         00EEE
__end_of__stringdata     smallconst    00E29
__end_of_adc_setup       text9         00F8A
__end_of_adc_updateAll   text12        01006
__end_of_hid_loop        text11        00FC2
__end_of_hid_setup       text8         00F44
__end_of_i2c_setup       text7         00FFC
__end_of_isr_high        intcode_body  00E90
__end_of_isr_low         intcodelo     000D0
__end_of_led_setup       text6         00FF2
__end_of_loop            text10        00FA8
__end_of_main            text0         00FD6
__end_of_mem_check       text5         0101A
__end_of_movement_setup  text4         00FE8
__end_of_pwm_setup       text3         01016
__end_of_rtc_setup       text2         0100E
__end_of_setup           text1         00F68
__initialization         cinit         00E90
__mediumconst            mediumconst   00000
__pbssBANK0              bssBANK0      00060
__pbssBANK1              bssBANK1      00100
__pbssBIGRAM             bssBIGRAM     001FF
__pbssCOMRAM             bssCOMRAM     00001
__pcinit                 cinit         00E90
__pcstackCOMRAM          cstackCOMRAM  00031
__pdataCOMRAM            dataCOMRAM    00051
__pidataCOMRAM           idataCOMRAM   0101A
__pintcode               intcode       00008
__pintcode_body          intcode_body  00E2A
__pintcodelo             intcodelo     00018
__pnvCOMRAM              nvCOMRAM      00054
__psmallconst            smallconst    00E00
__ptext0                 text0         00FC2
__ptext1                 text1         00F44
__ptext10                text10        00F8A
__ptext11                text11        00FA8
__ptext12                text12        00FFC
__ptext2                 text2         01006
__ptext3                 text3         0100E
__ptext4                 text4         00FD6
__ptext5                 text5         01016
__ptext6                 text6         00FE8
__ptext7                 text7         00FF2
__ptext8                 text8         00EF4
__ptext9                 text9         00F68
__ramtop                 ramtop        00E00
__size_of_adc_setup      (abs)         00000
__size_of_adc_updateAll  (abs)         00000
__size_of_hid_loop       (abs)         00000
__size_of_hid_setup      (abs)         00000
__size_of_i2c_setup      (abs)         00000
__size_of_isr_high       (abs)         00000
__size_of_isr_low        (abs)         00000
__size_of_led_setup      (abs)         00000
__size_of_loop           (abs)         00000
__size_of_main           (abs)         00000
__size_of_mem_check      (abs)         00000
__size_of_movement_setup (abs)         00000
__size_of_pwm_setup      (abs)         00000
__size_of_rtc_setup      (abs)         00000
__size_of_setup          (abs)         00000
__smallconst             smallconst    00E00
__stringdata             smallconst    00E01
_adc_setup               text9         00F68
_adc_updateAll           text12        00FFC
_comm_overflow           bssCOMRAM     0002A
_downlimit               bssCOMRAM     00021
_duskLevel               dataCOMRAM    00051
_hid_loop                text11        00FA8
_hid_setup               text8         00EF4
_i2c_setup               text7         00FF2
_isr_high                intcode       00008
_isr_low                 intcodelo     00018
_lcd_end                 (abs)         00000
_led_setup               text6         00FE8
_leftlimit               bssCOMRAM     00023
_light                   nvCOMRAM      00054
_loop                    text10        00F8A
_main                    text0         00FC2
_mem_check               text5         01016
_menu1                   (abs)         00000
_menue                   bssBIGRAM     001FF
_move                    bssCOMRAM     0002B
_movement_setup          text4         00FD6
_pir                     dataCOMRAM    00053
_pwm_setup               text3         0100E
_rightlimit              bssCOMRAM     00025
_rtc_setup               text2         01006
_rxBuff                  bssBANK0      00060
_rxPtrIn                 bssCOMRAM     0002C
_rxPtrOut                bssCOMRAM     0002D
_setup                   text1         00F44
_status                  bssCOMRAM     0002E
_txBuff                  bssCOMRAM     00001
_txPtrIn                 bssCOMRAM     0002F
_txPtrOut                bssCOMRAM     00030
_uplimit                 bssCOMRAM     00027
_usbe                    bssBANK1      00100
end_of_initialization    cinit         00EEE
int_func                 intcode_body  00E2A
intlevel0                text          00000
intlevel1                text          00000
intlevel2                text          00000
intlevel3                text          00000
setup@memStatus          cstackCOMRAM  00050
stackhi                  (abs)         009FF
stacklo                  (abs)         004ED
start                    init          000D0
start_initialization     cinit         00E90


FUNCTION INFORMATION:

 *************** function _main *****************
 Defined at:
		line 89 in file "src/solarLight.c"
 Parameters:    Size  Location     Type
		None
 Auto vars:     Size  Location     Type
		None
 Return value:  Size  Location     Type
		None               void
 Registers used:
		wreg, status,2, status,0, cstack
 Tracked objects:
		On entry : 
		On exit  : 
		Unchanged: 
 Data sizes:     COMRAM   BANK0   BANK1   BANK2   BANK3   BANK4   BANK5   BANK6   BANK7   BANK8   BANK9  BANK10  BANK11  BANK12  BANK13
      Params:         0       0       0       0       0       0       0       0       0       0       0       0       0       0       0
      Locals:         0       0       0       0       0       0       0       0       0       0       0       0       0       0       0
      Temps:          0       0       0       0       0       0       0       0       0       0       0       0       0       0       0
      Totals:         0       0       0       0       0       0       0       0       0       0       0       0       0       0       0
Total ram usage:        0 bytes
 Hardware stack levels required when called:    4
 This function calls:
		_loop
		_setup
 This function is called by:
		Startup code after reset
 This function uses a non-reentrant model


 *************** function _setup *****************
 Defined at:
		line 106 in file "src/solarLight.c"
 Parameters:    Size  Location     Type
		None
 Auto vars:     Size  Location     Type
  memStatus       1   31[COMRAM] unsigned char 
 Return value:  Size  Location     Type
		None               void
 Registers used:
		wreg, status,2, status,0, cstack
 Tracked objects:
		On entry : 
		On exit  : 
		Unchanged: 
 Data sizes:     COMRAM   BANK0   BANK1   BANK2   BANK3   BANK4   BANK5   BANK6   BANK7   BANK8   BANK9  BANK10  BANK11  BANK12  BANK13
      Params:         0       0       0       0       0       0       0       0       0       0       0       0       0       0       0
      Locals:         1       0       0       0       0       0       0       0       0       0       0       0       0       0       0
      Temps:          0       0       0       0       0       0       0       0       0       0       0       0       0       0       0
      Totals:         1       0       0       0       0       0       0       0       0       0       0       0       0       0       0
Total ram usage:        1 bytes
 Hardware stack levels used:    1
 Hardware stack levels required when called:    3
 This function calls:
		_adc_setup
		_hid_setup
		_i2c_setup
		_led_setup
		_mem_check
		_movement_setup
		_pwm_setup
		_rtc_setup
 This function is called by:
		_main
 This function uses a non-reentrant model


 *************** function _rtc_setup *****************
 Defined at:
		line 5 in file "src/rtc.c"
 Parameters:    Size  Location     Type
		None
 Auto vars:     Size  Location     Type
		None
 Return value:  Size  Location     Type
		None               void
 Registers used:
		None
 Tracked objects:
		On entry : 
		On exit  : 
		Unchanged: 
 Data sizes:     COMRAM   BANK0   BANK1   BANK2   BANK3   BANK4   BANK5   BANK6   BANK7   BANK8   BANK9  BANK10  BANK11  BANK12  BANK13
      Params:         0       0       0       0       0       0       0       0       0       0       0       0       0       0       0
      Locals:         0       0       0       0       0       0       0       0       0       0       0       0       0       0       0
      Temps:          0       0       0       0       0       0       0       0       0       0       0       0       0       0       0
      Totals:         0       0       0       0       0       0       0       0       0       0       0       0       0       0       0
Total ram usage:        0 bytes
 Hardware stack levels used:    1
 Hardware stack levels required when called:    2
 This function calls:
		Nothing
 This function is called by:
		_setup
 This function uses a non-reentrant model


 *************** function _pwm_setup *****************
 Defined at:
		line 67 in file "src/shared.c"
 Parameters:    Size  Location     Type
		None
 Auto vars:     Size  Location     Type
		None
 Return value:  Size  Location     Type
		None               void
 Registers used:
		wreg, status,2
 Tracked objects:
		On entry : 
		On exit  : 
		Unchanged: 
 Data sizes:     COMRAM   BANK0   BANK1   BANK2   BANK3   BANK4   BANK5   BANK6   BANK7   BANK8   BANK9  BANK10  BANK11  BANK12  BANK13
      Params:         0       0       0       0       0       0       0       0       0       0       0       0       0       0       0
      Locals:         0       0       0       0       0       0       0       0       0       0       0       0       0       0       0
      Temps:          0       0       0       0       0       0       0       0       0       0       0       0       0       0       0
      Totals:         0       0       0       0       0       0       0       0       0       0       0       0       0       0       0
Total ram usage:        0 bytes
 Hardware stack levels used:    1
 Hardware stack levels required when called:    2
 This function calls:
		Nothing
 This function is called by:
		_setup
 This function uses a non-reentrant model


 *************** function _movement_setup *****************
 Defined at:
		line 7 in file "src/movement.c"
 Parameters:    Size  Location     Type
		None
 Auto vars:     Size  Location     Type
		None
 Return value:  Size  Location     Type
		None               void
 Registers used:
		None
 Tracked objects:
		On entry : 
		On exit  : 
		Unchanged: 
 Data sizes:     COMRAM   BANK0   BANK1   BANK2   BANK3   BANK4   BANK5   BANK6   BANK7   BANK8   BANK9  BANK10  BANK11  BANK12  BANK13
      Params:         0       0       0       0       0       0       0       0       0       0       0       0       0       0       0
      Locals:         0       0       0       0       0       0       0       0       0       0       0       0       0       0       0
      Temps:          0       0       0       0       0       0       0       0       0       0       0       0       0       0       0
      Totals:         0       0       0       0       0       0       0       0       0       0       0       0       0       0       0
Total ram usage:        0 bytes
 Hardware stack levels used:    1
 Hardware stack levels required when called:    2
 This function calls:
		Nothing
 This function is called by:
		_setup
 This function uses a non-reentrant model


 *************** function _mem_check *****************
 Defined at:
		line 6 in file "src/eeprom.c"
 Parameters:    Size  Location     Type
		None
 Auto vars:     Size  Location     Type
		None
 Return value:  Size  Location     Type
                  1    wreg      unsigned char 
 Registers used:
		wreg
 Tracked objects:
		On entry : 
		On exit  : 
		Unchanged: 
 Data sizes:     COMRAM   BANK0   BANK1   BANK2   BANK3   BANK4   BANK5   BANK6   BANK7   BANK8   BANK9  BANK10  BANK11  BANK12  BANK13
      Params:         0       0       0       0       0       0       0       0       0       0       0       0       0       0       0
      Locals:         0       0       0       0       0       0       0       0       0       0       0       0       0       0       0
      Temps:          0       0       0       0       0       0       0       0       0       0       0       0       0       0       0
      Totals:         0       0       0       0       0       0       0       0       0       0       0       0       0       0       0
Total ram usage:        0 bytes
 Hardware stack levels used:    1
 Hardware stack levels required when called:    2
 This function calls:
		Nothing
 This function is called by:
		_setup
 This function uses a non-reentrant model


 *************** function _led_setup *****************
 Defined at:
		line 7 in file "src/light.c"
 Parameters:    Size  Location     Type
		None
 Auto vars:     Size  Location     Type
		None
 Return value:  Size  Location     Type
                  2   18[COMRAM] int 
 Registers used:
		wreg, status,2, status,0
 Tracked objects:
		On entry : 
		On exit  : 
		Unchanged: 
 Data sizes:     COMRAM   BANK0   BANK1   BANK2   BANK3   BANK4   BANK5   BANK6   BANK7   BANK8   BANK9  BANK10  BANK11  BANK12  BANK13
      Params:         0       0       0       0       0       0       0       0       0       0       0       0       0       0       0
      Locals:         0       0       0       0       0       0       0       0       0       0       0       0       0       0       0
      Temps:          0       0       0       0       0       0       0       0       0       0       0       0       0       0       0
      Totals:         0       0       0       0       0       0       0       0       0       0       0       0       0       0       0
Total ram usage:        0 bytes
 Hardware stack levels used:    1
 Hardware stack levels required when called:    2
 This function calls:
		Nothing
 This function is called by:
		_setup
 This function uses a non-reentrant model


 *************** function _i2c_setup *****************
 Defined at:
		line 93 in file "src/shared.c"
 Parameters:    Size  Location     Type
		None
 Auto vars:     Size  Location     Type
		None
 Return value:  Size  Location     Type
		None               void
 Registers used:
		wreg, status,2
 Tracked objects:
		On entry : 
		On exit  : 
		Unchanged: 
 Data sizes:     COMRAM   BANK0   BANK1   BANK2   BANK3   BANK4   BANK5   BANK6   BANK7   BANK8   BANK9  BANK10  BANK11  BANK12  BANK13
      Params:         0       0       0       0       0       0       0       0       0       0       0       0       0       0       0
      Locals:         0       0       0       0       0       0       0       0       0       0       0       0       0       0       0
      Temps:          0       0       0       0       0       0       0       0       0       0       0       0       0       0       0
      Totals:         0       0       0       0       0       0       0       0       0       0       0       0       0       0       0
Total ram usage:        0 bytes
 Hardware stack levels used:    1
 Hardware stack levels required when called:    2
 This function calls:
		Nothing
 This function is called by:
		_setup
 This function uses a non-reentrant model


 *************** function _hid_setup *****************
 Defined at:
		line 6 in file "src/hid.c"
 Parameters:    Size  Location     Type
		None
 Auto vars:     Size  Location     Type
		None
 Return value:  Size  Location     Type
		None               void
 Registers used:
		wreg, status,2, status,0
 Tracked objects:
		On entry : 
		On exit  : 
		Unchanged: 
 Data sizes:     COMRAM   BANK0   BANK1   BANK2   BANK3   BANK4   BANK5   BANK6   BANK7   BANK8   BANK9  BANK10  BANK11  BANK12  BANK13
      Params:         0       0       0       0       0       0       0       0       0       0       0       0       0       0       0
      Locals:         0       0       0       0       0       0       0       0       0       0       0       0       0       0       0
      Temps:          0       0       0       0       0       0       0       0       0       0       0       0       0       0       0
      Totals:         0       0       0       0       0       0       0       0       0       0       0       0       0       0       0
Total ram usage:        0 bytes
 Hardware stack levels used:    1
 Hardware stack levels required when called:    2
 This function calls:
		Nothing
 This function is called by:
		_setup
 This function uses a non-reentrant model


 *************** function _adc_setup *****************
 Defined at:
		line 10 in file "src/shared.c"
 Parameters:    Size  Location     Type
		None
 Auto vars:     Size  Location     Type
		None
 Return value:  Size  Location     Type
		None               void
 Registers used:
		wreg, status,2
 Tracked objects:
		On entry : 
		On exit  : 
		Unchanged: 
 Data sizes:     COMRAM   BANK0   BANK1   BANK2   BANK3   BANK4   BANK5   BANK6   BANK7   BANK8   BANK9  BANK10  BANK11  BANK12  BANK13
      Params:         0       0       0       0       0       0       0       0       0       0       0       0       0       0       0
      Locals:         0       0       0       0       0       0       0       0       0       0       0       0       0       0       0
      Temps:          0       0       0       0       0       0       0       0       0       0       0       0       0       0       0
      Totals:         0       0       0       0       0       0       0       0       0       0       0       0       0       0       0
Total ram usage:        0 bytes
 Hardware stack levels used:    1
 Hardware stack levels required when called:    2
 This function calls:
		Nothing
 This function is called by:
		_setup
 This function uses a non-reentrant model


 *************** function _loop *****************
 Defined at:
		line 126 in file "src/solarLight.c"
 Parameters:    Size  Location     Type
		None
 Auto vars:     Size  Location     Type
		None
 Return value:  Size  Location     Type
		None               void
 Registers used:
		wreg, status,2, status,0, cstack
 Tracked objects:
		On entry : 
		On exit  : 
		Unchanged: 
 Data sizes:     COMRAM   BANK0   BANK1   BANK2   BANK3   BANK4   BANK5   BANK6   BANK7   BANK8   BANK9  BANK10  BANK11  BANK12  BANK13
      Params:         0       0       0       0       0       0       0       0       0       0       0       0       0       0       0
      Locals:         0       0       0       0       0       0       0       0       0       0       0       0       0       0       0
      Temps:          0       0       0       0       0       0       0       0       0       0       0       0       0       0       0
      Totals:         0       0       0       0       0       0       0       0       0       0       0       0       0       0       0
Total ram usage:        0 bytes
 Hardware stack levels used:    1
 Hardware stack levels required when called:    3
 This function calls:
		_adc_updateAll
		_hid_loop
 This function is called by:
		_main
 This function uses a non-reentrant model


 *************** function _hid_loop *****************
 Defined at:
		line 29 in file "src/hid.c"
 Parameters:    Size  Location     Type
		None
 Auto vars:     Size  Location     Type
		None
 Return value:  Size  Location     Type
		None               void
 Registers used:
		wreg, status,2, status,0
 Tracked objects:
		On entry : 
		On exit  : 
		Unchanged: 
 Data sizes:     COMRAM   BANK0   BANK1   BANK2   BANK3   BANK4   BANK5   BANK6   BANK7   BANK8   BANK9  BANK10  BANK11  BANK12  BANK13
      Params:         0       0       0       0       0       0       0       0       0       0       0       0       0       0       0
      Locals:         0       0       0       0       0       0       0       0       0       0       0       0       0       0       0
      Temps:          0       0       0       0       0       0       0       0       0       0       0       0       0       0       0
      Totals:         0       0       0       0       0       0       0       0       0       0       0       0       0       0       0
Total ram usage:        0 bytes
 Hardware stack levels used:    1
 Hardware stack levels required when called:    2
 This function calls:
		Nothing
 This function is called by:
		_loop
 This function uses a non-reentrant model


 *************** function _adc_updateAll *****************
 Defined at:
		line 58 in file "src/shared.c"
 Parameters:    Size  Location     Type
		None
 Auto vars:     Size  Location     Type
		None
 Return value:  Size  Location     Type
		None               void
 Registers used:
		None
 Tracked objects:
		On entry : 
		On exit  : 
		Unchanged: 
 Data sizes:     COMRAM   BANK0   BANK1   BANK2   BANK3   BANK4   BANK5   BANK6   BANK7   BANK8   BANK9  BANK10  BANK11  BANK12  BANK13
      Params:         0       0       0       0       0       0       0       0       0       0       0       0       0       0       0
      Locals:         0       0       0       0       0       0       0       0       0       0       0       0       0       0       0
      Temps:          0       0       0       0       0       0       0       0       0       0       0       0       0       0       0
      Totals:         0       0       0       0       0       0       0       0       0       0       0       0       0       0       0
Total ram usage:        0 bytes
 Hardware stack levels used:    1
 Hardware stack levels required when called:    2
 This function calls:
		Nothing
 This function is called by:
		_loop
 This function uses a non-reentrant model


 *************** function _isr_low *****************
 Defined at:
		line 162 in file "src/solarLight.c"
 Parameters:    Size  Location     Type
		None
 Auto vars:     Size  Location     Type
		None
 Return value:  Size  Location     Type
		None               void
 Registers used:
		wreg, fsr2l, fsr2h, status,2, status,0, prodl, prodh
 Tracked objects:
		On entry : 
		On exit  : 
		Unchanged: 
 Data sizes:     COMRAM   BANK0   BANK1   BANK2   BANK3   BANK4   BANK5   BANK6   BANK7   BANK8   BANK9  BANK10  BANK11  BANK12  BANK13
      Params:         0       0       0       0       0       0       0       0       0       0       0       0       0       0       0
      Locals:         0       0       0       0       0       0       0       0       0       0       0       0       0       0       0
      Temps:         17       0       0       0       0       0       0       0       0       0       0       0       0       0       0
      Totals:        17       0       0       0       0       0       0       0       0       0       0       0       0       0       0
Total ram usage:       17 bytes
 Hardware stack levels used:    1
 Hardware stack levels required when called:    1
 This function calls:
		Nothing
 This function is called by:
		Interrupt level 1
 This function uses a non-reentrant model


 *************** function _isr_high *****************
 Defined at:
		line 186 in file "src/solarLight.c"
 Parameters:    Size  Location     Type
		None
 Auto vars:     Size  Location     Type
		None
 Return value:  Size  Location     Type
		None               void
 Registers used:
		None
 Tracked objects:
		On entry : 
		On exit  : 
		Unchanged: 
 Data sizes:     COMRAM   BANK0   BANK1   BANK2   BANK3   BANK4   BANK5   BANK6   BANK7   BANK8   BANK9  BANK10  BANK11  BANK12  BANK13
      Params:         0       0       0       0       0       0       0       0       0       0       0       0       0       0       0
      Locals:         0       0       0       0       0       0       0       0       0       0       0       0       0       0       0
      Temps:         14       0       0       0       0       0       0       0       0       0       0       0       0       0       0
      Totals:        14       0       0       0       0       0       0       0       0       0       0       0       0       0       0
Total ram usage:       14 bytes
 Hardware stack levels used:    1
 This function calls:
		Nothing
 This function is called by:
		Interrupt level 2
 This function uses a non-reentrant model



MODULE INFORMATION

Module		Function		Class		Link	Load	Size
src/solarLight.c
		_loop          		CODE           	0F8A	0000	30
		_main          		CODE           	0FC2	0000	20
		_isr_low       		CODE           	0018	0000	184
		_isr_high      		CODE           	0008	0000	3720
		_setup         		CODE           	0F44	0000	36

src/solarLight.c estimated size: 3990

src/light.c
		_led_setup     		CODE           	0FE8	0000	10

src/light.c estimated size: 10

src/shared.c
		_pwm_setup     		CODE           	100E	0000	8
		_adc_setup     		CODE           	0F68	0000	34
		_i2c_setup     		CODE           	0FF2	0000	10
		_adc_updateAll 		CODE           	0FFC	0000	10

src/shared.c estimated size: 62

src/movement.c
		_movement_setup		CODE           	0FD6	0000	18

src/movement.c estimated size: 18

shared
		__stringdata   		SMALLCONST     	0E01	0000	40
		__initializatio		CODE           	0E90	0000	94

shared estimated size: 134

src/eeprom.c
		_mem_check     		CODE           	1016	0000	4

src/eeprom.c estimated size: 4

src/hid.c
		_hid_loop      		CODE           	0FA8	0000	26
		_hid_setup     		CODE           	0EF4	0000	80

src/hid.c estimated size: 106

src/rtc.c
		_rtc_setup     		CODE           	1006	0000	8

src/rtc.c estimated size: 8

